// Jest Snapshot v1, https://goo.gl/fbAQLP

exports[`ListItem component matches snapshot 1`] = `
<body>
  <div>
    <div>
      <form
        data-testid="form"
      >
        <label>
          <div>
            <input
              data-testid="text-input"
              type="text"
              value=""
            />
          </div>
        </label>
        <input
          type="submit"
          value="Submit"
        />
      </form>
    </div>
  </div>
</body>
`;
